// Jest Snapshot v1, https://goo.gl/fbAQLP

exports[`Renders main page correctly 1`] = `
.c0 {
  display: -webkit-box;
  display: -webkit-flex;
  display: -ms-flexbox;
  display: flex;
}

<div
  class="c0"
>
  <h1>
    Home
  </h1>
</div>
`;
